// Jest Snapshot v1, https://goo.gl/fbAQLP

exports[`initial render On home page 1`] = `
<div>
  <div
    class="app"
  >
    <div
      class="header"
    >
      <h2>
         Boulder Shop
      </h2>
      <a
        class="homeLink"
        href="/"
      >
        <h2>
          Home
        </h2>
      </a>
      <a
        class="shopLink"
        href="/shop"
      >
        <h2>
          Shop
        </h2>
      </a>
      <input
        class="searchBar"
        label="searchBar"
        placeholder="Search for..."
        type="text"
      />
      <button
        class="cartBtn"
      >
        <img
          alt="cart image"
          src="cart.png"
        />
      </button>
    </div>
    <div
      class="main"
    >
      <div
        class="home"
      >
        <div
          class="homeHeader"
        >
          <h1>
            Everything you need to climb
          </h1>
        </div>
        <a
          class="homeShopLink"
          href="/shop"
        >
          <h2>
            Shop
          </h2>
        </a>
      </div>
      <div
        class="cart"
      >
        <h1>
          Cart
        </h1>
        <div>
          Cartitem1
        </div>
        <div>
          Cartitem2
        </div>
      </div>
    </div>
    <div
      class="footer"
    >
      <a
        class="githubLink"
        href="https://github.com/BaoWoW123/Shopping-Cart"
        target="_blank"
      >
        Check out the code here!
      </a>
    </div>
  </div>
</div>
`;
